2026-09-10 21:34:54 | INFO | Step 1/7 — Loading official UCI dataset.
2026-09-10 21:34:58 | INFO | Dataset loaded: 48,842 rows × 15 columns.
2026-09-10 21:34:58 | INFO | Step 2/7 — Cleaning dataset.
2026-09-10 21:34:59 | INFO | Step 3/7 — Generating visualizations.
2026-09-10 21:35:16 | INFO | Generated 24 visualization files.
2026-09-10 21:35:16 | INFO | Step 4/7 — Fitting preprocessing pipeline.
2026-09-10 21:35:17 | ERROR | Task 1 failed.
Traceback (most recent call last):
  File "C:\Users\BrightSkill_25\Downloads\adult_income_ml_project\run_preprocessing.py", line 158, in main
    ) = preprocess_data(
        ~~~~~~~~~~~~~~~^
        df_clean
        ^^^^^^^^
    )
    ^
  File "C:\Users\BrightSkill_25\Downloads\adult_income_ml_project\src\preprocessing.py", line 446, in preprocess_data
    preprocessor.fit_transform(
    ~~~~~~~~~~~~~~~~~~~~~~~~~~^
        X_train,
        ^^^^^^^^
        y_train
        ^^^^^^^
    )
    ^
  File "C:\Users\BrightSkill_25\Downloads\adult_income_ml_project\.venv\Lib\site-packages\sklearn\utils\_set_output.py", line 327, in wrapped
    data_to_wrap = f(self, X, *args, **kwargs)
  File "C:\Users\BrightSkill_25\Downloads\adult_income_ml_project\.venv\Lib\site-packages\sklearn\base.py", line 1403, in wrapper
    return fit_method(estimator, *args, **kwargs)
  File "C:\Users\BrightSkill_25\Downloads\adult_income_ml_project\.venv\Lib\site-packages\sklearn\compose\_column_transformer.py", line 977, in fit_transform
    result = self._call_func_on_transformers(
        X,
    ...<3 lines>...
        routed_params=routed_params,
    )
  File "C:\Users\BrightSkill_25\Downloads\adult_income_ml_project\.venv\Lib\site-packages\sklearn\compose\_column_transformer.py", line 887, in _call_func_on_transformers
    return Parallel(n_jobs=self.n_jobs)(jobs)
           ~~~~~~~~~~~~~~~~~~~~~~~~~~~~^^^^^^
  File "C:\Users\BrightSkill_25\Downloads\adult_income_ml_project\.venv\Lib\site-packages\sklearn\utils\parallel.py", line 91, in __call__
    return super().__call__(iterable_with_config_and_warning_filters)
           ~~~~~~~~~~~~~~~~^^^^^^^^^^^^^^^^^^^^^^^^^^^^^^^^^^^^^^^^^^
  File "C:\Users\BrightSkill_25\Downloads\adult_income_ml_project\.venv\Lib\site-packages\joblib\parallel.py", line 2012, in __call__
    return output if self.return_generator else list(output)
                                                ~~~~^^^^^^^^
  File "C:\Users\BrightSkill_25\Downloads\adult_income_ml_project\.venv\Lib\site-packages\joblib\parallel.py", line 1940, in _get_sequential_output
    res = func(*args, **kwargs)
  File "C:\Users\BrightSkill_25\Downloads\adult_income_ml_project\.venv\Lib\site-packages\sklearn\utils\parallel.py", line 184, in __call__
    return self.function(*args, **kwargs)
           ~~~~~~~~~~~~~^^^^^^^^^^^^^^^^^
  File "C:\Users\BrightSkill_25\Downloads\adult_income_ml_project\.venv\Lib\site-packages\sklearn\pipeline.py", line 1566, in _fit_transform_one
    res = transformer.fit_transform(X, y, **params.get("fit_transform", {}))
  File "C:\Users\BrightSkill_25\Downloads\adult_income_ml_project\.venv\Lib\site-packages\sklearn\base.py", line 1403, in wrapper
    return fit_method(estimator, *args, **kwargs)
  File "C:\Users\BrightSkill_25\Downloads\adult_income_ml_project\.venv\Lib\site-packages\sklearn\pipeline.py", line 712, in fit_transform
    Xt = self._fit(
        X, y, routed_params, raw_params=params, callback_ctx=callback_ctx
    )
  File "C:\Users\BrightSkill_25\Downloads\adult_income_ml_project\.venv\Lib\site-packages\sklearn\pipeline.py", line 561, in _fit
    X, fitted_transformer = fit_transform_one_cached(
                            ~~~~~~~~~~~~~~~~~~~~~~~~^
        cloned_transformer,
        ^^^^^^^^^^^^^^^^^^^
    ...<7 lines>...
        callback_ctx=subcontext,
        ^^^^^^^^^^^^^^^^^^^^^^^^
    )
    ^
  File "C:\Users\BrightSkill_25\Downloads\adult_income_ml_project\.venv\Lib\site-packages\joblib\memory.py", line 331, in __call__
    return self.func(*args, **kwargs)
           ~~~~~~~~~^^^^^^^^^^^^^^^^^
  File "C:\Users\BrightSkill_25\Downloads\adult_income_ml_project\.venv\Lib\site-packages\sklearn\pipeline.py", line 1593, in _fit_transform_one_with_callbacks
    Xt, transformer = _fit_transform_one(
                      ~~~~~~~~~~~~~~~~~~^
        transformer, X, y, weight, message_clsname, message, params
        ^^^^^^^^^^^^^^^^^^^^^^^^^^^^^^^^^^^^^^^^^^^^^^^^^^^^^^^^^^^
    )
    ^
  File "C:\Users\BrightSkill_25\Downloads\adult_income_ml_project\.venv\Lib\site-packages\sklearn\pipeline.py", line 1566, in _fit_transform_one
    res = transformer.fit_transform(X, y, **params.get("fit_transform", {}))
  File "C:\Users\BrightSkill_25\Downloads\adult_income_ml_project\.venv\Lib\site-packages\sklearn\utils\_set_output.py", line 327, in wrapped
    data_to_wrap = f(self, X, *args, **kwargs)
  File "C:\Users\BrightSkill_25\Downloads\adult_income_ml_project\.venv\Lib\site-packages\sklearn\base.py", line 972, in fit_transform
    return self.fit(X, y, **fit_params).transform(X)
           ~~~~~~~~^^^^^^^^^^^^^^^^^^^^
  File "C:\Users\BrightSkill_25\Downloads\adult_income_ml_project\.venv\Lib\site-packages\sklearn\base.py", line 1403, in wrapper
    return fit_method(estimator, *args, **kwargs)
  File "C:\Users\BrightSkill_25\Downloads\adult_income_ml_project\.venv\Lib\site-packages\sklearn\impute\_base.py", line 467, in fit
    self.statistics_ = self._dense_fit(
                       ~~~~~~~~~~~~~~~^
        X, self.strategy, self.missing_values, fill_value
        ^^^^^^^^^^^^^^^^^^^^^^^^^^^^^^^^^^^^^^^^^^^^^^^^^
    )
    ^
  File "C:\Users\BrightSkill_25\Downloads\adult_income_ml_project\.venv\Lib\site-packages\sklearn\impute\_base.py", line 531, in _dense_fit
    missing_mask = _get_mask(X, missing_values)
  File "C:\Users\BrightSkill_25\Downloads\adult_income_ml_project\.venv\Lib\site-packages\sklearn\utils\_mask.py", line 59, in _get_mask
    return _get_dense_mask(X, value_to_mask)
  File "C:\Users\BrightSkill_25\Downloads\adult_income_ml_project\.venv\Lib\site-packages\sklearn\utils\_mask.py", line 32, in _get_dense_mask
    Xt = _object_dtype_isnan(X)
  File "C:\Users\BrightSkill_25\Downloads\adult_income_ml_project\.venv\Lib\site-packages\sklearn\utils\fixes.py", line 54, in _object_dtype_isnan
    return X != X
           ^^^^^^
  File "pandas/_libs/missing.pyx", line 415, in pandas._libs.missing.NAType.__bool__
TypeError: boolean value of NA is ambiguous
